main-server-1  | 2025/03/01 21:08:09 Error sending message to WebSocket client: write tcp 172.18.0.7:8080->172.18.0.1:51878: write: broken pipe     